Error, la ruta del fichero no se ha encontrado - 20:06:04.541123965 - [Ljava.lang.StackTraceElement;@29453f44
Error, la ruta del fichero no se ha encontrado - 20:06:10.776637042 - [Ljava.lang.StackTraceElement;@61bbe9ba
Error, la ruta del fichero no se ha encontrado - 20:06:11.623947320 - [Ljava.lang.StackTraceElement;@610455d6
Error, la ruta del fichero no se ha encontrado - 20:06:12.262795099 - [Ljava.lang.StackTraceElement;@511d50c0
Error, la ruta del fichero no se ha encontrado - 20:06:54.814047629 - [Ljava.lang.StackTraceElement;@6e0be858
Error, la ruta del fichero no se ha encontrado - 20:06:55.515985003 - [Ljava.lang.StackTraceElement;@511d50c0
Error, la ruta del fichero no se ha encontrado - 20:06:56.446171563 - [Ljava.lang.StackTraceElement;@60e53b93
Error, la ruta del fichero no se ha encontrado - 20:06:57.462185832 - [Ljava.lang.StackTraceElement;@5e2de80c
Error, la ruta del fichero no se ha encontrado - 20:07:07.326198351 - [Ljava.lang.StackTraceElement;@1d44bcfa
Error, la ruta del fichero no se ha encontrado - 20:11:06.629319963 - [Ljava.lang.StackTraceElement;@29453f44
Error, la ruta del fichero no se ha encontrado - 20:11:07.459153254 - [Ljava.lang.StackTraceElement;@61bbe9ba
Error, la ruta del fichero no se ha encontrado - 20:11:08.090736955 - [Ljava.lang.StackTraceElement;@610455d6
Error, la ruta del fichero no se ha encontrado - 20:11:09.197744426 - [Ljava.lang.StackTraceElement;@511d50c0
Error, la ruta del fichero no se ha encontrado - 20:15:08.863612512 - [Ljava.lang.StackTraceElement;@29453f44
Error, la ruta del fichero no se ha encontrado - 20:15:09.457192007 - [Ljava.lang.StackTraceElement;@61bbe9ba
Error, la ruta del fichero no se ha encontrado - 20:15:14.826645854 - [Ljava.lang.StackTraceElement;@610455d6
Error, la ruta del fichero no se ha encontrado - 20:15:15.543046681 - [Ljava.lang.StackTraceElement;@511d50c0
Error, la ruta del fichero no se ha encontrado - 20:15:19.198203219 - [Ljava.lang.StackTraceElement;@60e53b93
Error, la ruta del fichero no se ha encontrado - 20:15:21.401614559 - [Ljava.lang.StackTraceElement;@5e2de80c
Error, la ruta del fichero no se ha encontrado - 20:15:22.117086239 - [Ljava.lang.StackTraceElement;@1d44bcfa
Error, la ruta del fichero no se ha encontrado - 20:16:39.417799371 - [Ljava.lang.StackTraceElement;@29453f44
Error, la ruta del fichero no se ha encontrado - 20:16:39.906618174 - [Ljava.lang.StackTraceElement;@61bbe9ba
Error, la ruta del fichero no se ha encontrado - 16:39:31.815705038 - [Ljava.lang.StackTraceElement;@5cad8086
Error, la ruta del fichero no se ha encontrado - 16:39:34.119504047 - [Ljava.lang.StackTraceElement;@610455d6
Error, la ruta del fichero no se ha encontrado - 16:39:43.194795303 - [Ljava.lang.StackTraceElement;@511d50c0
Error, la ruta del fichero no se ha encontrado - 17:40:04.093918808 - [Ljava.lang.StackTraceElement;@5cad8086
Error, la ruta del fichero no se ha encontrado - 18:34:13.921212216 - [Ruta.solicitarRutaSalida(Ruta.java:70), Ruta.rutaSalida(Ruta.java:50), LecturaEscrituraStreams.leerEscribirCarCar(LecturaEscrituraStreams.java:37), Main.main(Main.java:38)]
Error, la ruta del fichero no se ha encontrado - 19:04:11.304620215 - [Ruta.solicitarRutaEntrada(Ruta.java:37), Ruta.rutaEntrada(Ruta.java:16), LecturaEscrituraStreams.leerEscribirCarCar(LecturaEscrituraStreams.java:36), Main.main(Main.java:38)]
Error, la ruta del fichero no se ha encontrado - 17:01:26.280062938 - [Ruta.solicitarRutaSalida(Ruta.java:70), Ruta.rutaSalida(Ruta.java:50), LecturaEscrituraStreams.leerEscribirByteByte(LecturaEscrituraStreams.java:21), Main.main(Main.java:30)]
